json array -> lua    { "Larry", "Curly", "Moe" }
lua -> json array:     ["a","b","c"]
lua -> json map:     {"key":"value"}
