items: 	1	2
total: 	3
items: 	1	2	3
total: 	6
items: 	1	2	3	4
total: 	10
