successfully created directory
output is:	Tue Jan 19 03:14:07 UTC 2038
